src/errors/index.ts(2,10): error TS2305: Module '"./conflict-custom.error"' has no exported member 'ConflictCustomError'.
src/errors/index.ts(4,10): error TS2305: Module '"./error-but-ok.error"' has no exported member 'ErrorButOk'.
src/errors/index.ts(9,10): error TS2724: '"./payment-required.error"' has no exported member named 'PaymentRequiredError'. Did you mean 'PaymentRequired'?
src/routes/organizerAuth.route.ts(4,30): error TS2307: Cannot find module '../utils/asyncHandler.util' or its corresponding type declarations.
src/routes/organizerAuth.route.ts(20,10): error TS2305: Module '"../utils/multer.util"' has no exported member 'profileImageUpload'.
src/routes/playerAuth.route.ts(4,30): error TS2307: Cannot find module '../utils/asyncHandler.util' or its corresponding type declarations.
src/routes/playerAuth.route.ts(19,10): error TS2305: Module '"../utils/multer.util"' has no exported member 'profileImageUpload'.
src/services/contact.service.ts(24,134): error TS2554: Expected 3 arguments, but got 4.
src/services/organizerAuth.service.ts(8,33): error TS2307: Cannot find module '../utils/response.util' or its corresponding type declarations.
src/services/playerAuth.service.ts(8,33): error TS2307: Cannot find module '../utils/response.util' or its corresponding type declarations.
